[
  {
    "location": {
      "filePath": "service.bal",
      "startLine": 27,
      "endLine": 27,
      "startColumn": 26,
      "endColumn": 53,
      "startOffset": 966,
      "length": 27
    },
    "rule": {
      "id": "ballerina/http:3",
      "numericId": 3,
      "description": "Deserialization should not be vulnerable to injection attacks",
      "ruleKind": "VULNERABILITY"
    },
    "source": "BUILT_IN",
    "fileName": "rule3/service.bal",
    "filePath": "/home/nureka/Documents/GitHub/module-ballerina-http/compiler-plugin-tests/src/test/resources/static_code_analyzer/ballerina_packages/rule3/service.bal"
  }
]
